/opt/homebrew/lib/ruby/gems/4.0.0/gems/jekyll-3.9.0/lib/jekyll/log_adapter.rb:43: warning: Logger not initialized properly
/opt/homebrew/lib/ruby/gems/4.0.0/gems/jekyll-3.9.0/lib/jekyll/stevenson.rb:5: info: Jekyll::Stevenson#initialize: does not call super probably
Configuration file: /Users/joshuaholstein/Documents/00_Privat_Organisation/Privat/Code/joshuaholstein.github.io/_config.yml
To use retry middleware with Faraday v2.0+, install `faraday-retry` gem
            Source: /Users/joshuaholstein/Documents/00_Privat_Organisation/Privat/Code/joshuaholstein.github.io
       Destination: /Users/joshuaholstein/Documents/00_Privat_Organisation/Privat/Code/joshuaholstein.github.io/_site
 Incremental build: disabled. Enable with --incremental
      Generating... 
[31m             Error: YAML Exception reading /Users/joshuaholstein/Documents/00_Privat_Organisation/Privat/Code/joshuaholstein.github.io/_publications/IJHCI_Incorrect_explanations.md: (<unknown>): did not find expected key while parsing a block mapping at line 2 column 1[0m
       Jekyll Feed: Generating feed for posts
[31m  Liquid Exception: undefined method 'tainted?' for an instance of String in /_layouts/single.html[0m
jekyll 3.9.0 | Error:  undefined method 'tainted?' for an instance of String
/opt/homebrew/lib/ruby/gems/4.0.0/gems/liquid-4.0.3/lib/liquid/variable.rb:124:in 'Liquid::Variable#taint_check': undefined method 'tainted?' for an instance of String (NoMethodError)

      return unless obj.tainted?
                       ^^^^^^^^^
	from /opt/homebrew/lib/ruby/gems/4.0.0/gems/liquid-4.0.3/lib/liquid/variable.rb:89:in 'Liquid::Variable#render'
	from /opt/homebrew/lib/ruby/gems/4.0.0/gems/liquid-4.0.3/lib/liquid/tags/assign.rb:26:in 'Liquid::Assign#render'
	from /opt/homebrew/lib/ruby/gems/4.0.0/gems/liquid-4.0.3/lib/liquid/block_body.rb:103:in 'Liquid::BlockBody#render_node_to_output'
	from /opt/homebrew/lib/ruby/gems/4.0.0/gems/liquid-4.0.3/lib/liquid/block_body.rb:91:in 'Liquid::BlockBody#render'
	from /opt/homebrew/lib/ruby/gems/4.0.0/gems/liquid-4.0.3/lib/liquid/tags/if.rb:46:in 'block (2 levels) in Liquid::If#render'
	from /opt/homebrew/lib/ruby/gems/4.0.0/gems/liquid-4.0.3/lib/liquid/tags/if.rb:44:in 'Array#each'
	from /opt/homebrew/lib/ruby/gems/4.0.0/gems/liquid-4.0.3/lib/liquid/tags/if.rb:44:in 'block in Liquid::If#render'
	from /opt/homebrew/lib/ruby/gems/4.0.0/gems/liquid-4.0.3/lib/liquid/context.rb:123:in 'Liquid::Context#stack'
	from /opt/homebrew/lib/ruby/gems/4.0.0/gems/liquid-4.0.3/lib/liquid/tags/if.rb:43:in 'Liquid::If#render'
	from /opt/homebrew/lib/ruby/gems/4.0.0/gems/liquid-4.0.3/lib/liquid/block_body.rb:103:in 'Liquid::BlockBody#render_node_to_output'
	from /opt/homebrew/lib/ruby/gems/4.0.0/gems/liquid-4.0.3/lib/liquid/block_body.rb:82:in 'Liquid::BlockBody#render'
	from /opt/homebrew/lib/ruby/gems/4.0.0/gems/liquid-4.0.3/lib/liquid/template.rb:208:in 'block in Liquid::Template#render'
	from /opt/homebrew/lib/ruby/gems/4.0.0/gems/liquid-4.0.3/lib/liquid/template.rb:242:in 'Liquid::Template#with_profiling'
	from /opt/homebrew/lib/ruby/gems/4.0.0/gems/liquid-4.0.3/lib/liquid/template.rb:207:in 'Liquid::Template#render'
	from /opt/homebrew/lib/ruby/gems/4.0.0/gems/liquid-4.0.3/lib/liquid/template.rb:220:in 'Liquid::Template#render!'
	from /opt/homebrew/lib/ruby/gems/4.0.0/gems/jekyll-3.9.0/lib/jekyll/liquid_renderer/file.rb:30:in 'block (2 levels) in Jekyll::LiquidRenderer::File#render!'
	from /opt/homebrew/lib/ruby/gems/4.0.0/gems/jekyll-3.9.0/lib/jekyll/liquid_renderer/file.rb:42:in 'Jekyll::LiquidRenderer::File#measure_bytes'
	from /opt/homebrew/lib/ruby/gems/4.0.0/gems/jekyll-3.9.0/lib/jekyll/liquid_renderer/file.rb:29:in 'block in Jekyll::LiquidRenderer::File#render!'
	from /opt/homebrew/lib/ruby/gems/4.0.0/gems/jekyll-3.9.0/lib/jekyll/liquid_renderer/file.rb:49:in 'Jekyll::LiquidRenderer::File#measure_time'
	from /opt/homebrew/lib/ruby/gems/4.0.0/gems/jekyll-3.9.0/lib/jekyll/liquid_renderer/file.rb:28:in 'Jekyll::LiquidRenderer::File#render!'
	from /opt/homebrew/lib/ruby/gems/4.0.0/gems/jekyll-3.9.0/lib/jekyll/tags/include.rb:140:in 'block in Jekyll::Tags::IncludeTag#render'
	from /opt/homebrew/lib/ruby/gems/4.0.0/gems/liquid-4.0.3/lib/liquid/context.rb:123:in 'Liquid::Context#stack'
	from /opt/homebrew/lib/ruby/gems/4.0.0/gems/jekyll-3.9.0/lib/jekyll/tags/include.rb:137:in 'Jekyll::Tags::IncludeTag#render'
	from /opt/homebrew/lib/ruby/gems/4.0.0/gems/liquid-4.0.3/lib/liquid/block_body.rb:103:in 'Liquid::BlockBody#render_node_to_output'
	from /opt/homebrew/lib/ruby/gems/4.0.0/gems/liquid-4.0.3/lib/liquid/block_body.rb:91:in 'Liquid::BlockBody#render'
	from /opt/homebrew/lib/ruby/gems/4.0.0/gems/liquid-4.0.3/lib/liquid/template.rb:208:in 'block in Liquid::Template#render'
	from /opt/homebrew/lib/ruby/gems/4.0.0/gems/liquid-4.0.3/lib/liquid/template.rb:242:in 'Liquid::Template#with_profiling'
	from /opt/homebrew/lib/ruby/gems/4.0.0/gems/liquid-4.0.3/lib/liquid/template.rb:207:in 'Liquid::Template#render'
	from /opt/homebrew/lib/ruby/gems/4.0.0/gems/liquid-4.0.3/lib/liquid/template.rb:220:in 'Liquid::Template#render!'
	from /opt/homebrew/lib/ruby/gems/4.0.0/gems/jekyll-3.9.0/lib/jekyll/liquid_renderer/file.rb:30:in 'block (2 levels) in Jekyll::LiquidRenderer::File#render!'
	from /opt/homebrew/lib/ruby/gems/4.0.0/gems/jekyll-3.9.0/lib/jekyll/liquid_renderer/file.rb:42:in 'Jekyll::LiquidRenderer::File#measure_bytes'
	from /opt/homebrew/lib/ruby/gems/4.0.0/gems/jekyll-3.9.0/lib/jekyll/liquid_renderer/file.rb:29:in 'block in Jekyll::LiquidRenderer::File#render!'
	from /opt/homebrew/lib/ruby/gems/4.0.0/gems/jekyll-3.9.0/lib/jekyll/liquid_renderer/file.rb:49:in 'Jekyll::LiquidRenderer::File#measure_time'
	from /opt/homebrew/lib/ruby/gems/4.0.0/gems/jekyll-3.9.0/lib/jekyll/liquid_renderer/file.rb:28:in 'Jekyll::LiquidRenderer::File#render!'
	from /opt/homebrew/lib/ruby/gems/4.0.0/gems/jekyll-3.9.0/lib/jekyll/renderer.rb:126:in 'Jekyll::Renderer#render_liquid'
	from /opt/homebrew/lib/ruby/gems/4.0.0/gems/jekyll-3.9.0/lib/jekyll/renderer.rb:195:in 'Jekyll::Renderer#render_layout'
	from /opt/homebrew/lib/ruby/gems/4.0.0/gems/jekyll-3.9.0/lib/jekyll/renderer.rb:158:in 'Jekyll::Renderer#place_in_layouts'
	from /opt/homebrew/lib/ruby/gems/4.0.0/gems/jekyll-3.9.0/lib/jekyll/renderer.rb:88:in 'Jekyll::Renderer#render_document'
	from /opt/homebrew/lib/ruby/gems/4.0.0/gems/jekyll-3.9.0/lib/jekyll/renderer.rb:62:in 'Jekyll::Renderer#run'
	from /opt/homebrew/lib/ruby/gems/4.0.0/gems/jekyll-3.9.0/lib/jekyll/site.rb:479:in 'Jekyll::Site#render_regenerated'
	from /opt/homebrew/lib/ruby/gems/4.0.0/gems/jekyll-3.9.0/lib/jekyll/site.rb:464:in 'block (2 levels) in Jekyll::Site#render_docs'
	from /opt/homebrew/lib/ruby/gems/4.0.0/gems/jekyll-3.9.0/lib/jekyll/site.rb:463:in 'Array#each'
	from /opt/homebrew/lib/ruby/gems/4.0.0/gems/jekyll-3.9.0/lib/jekyll/site.rb:463:in 'block in Jekyll::Site#render_docs'
	from /opt/homebrew/lib/ruby/gems/4.0.0/gems/jekyll-3.9.0/lib/jekyll/site.rb:462:in 'Hash#each_value'
	from /opt/homebrew/lib/ruby/gems/4.0.0/gems/jekyll-3.9.0/lib/jekyll/site.rb:462:in 'Jekyll::Site#render_docs'
	from /opt/homebrew/lib/ruby/gems/4.0.0/gems/jekyll-3.9.0/lib/jekyll/site.rb:191:in 'Jekyll::Site#render'
	from /opt/homebrew/lib/ruby/gems/4.0.0/gems/jekyll-3.9.0/lib/jekyll/site.rb:71:in 'Jekyll::Site#process'
	from /opt/homebrew/lib/ruby/gems/4.0.0/gems/jekyll-3.9.0/lib/jekyll/command.rb:28:in 'Jekyll::Command.process_site'
	from /opt/homebrew/lib/ruby/gems/4.0.0/gems/jekyll-3.9.0/lib/jekyll/commands/build.rb:65:in 'Jekyll::Commands::Build.build'
	from /opt/homebrew/lib/ruby/gems/4.0.0/gems/jekyll-3.9.0/lib/jekyll/commands/build.rb:36:in 'Jekyll::Commands::Build.process'
	from /opt/homebrew/lib/ruby/gems/4.0.0/gems/jekyll-3.9.0/lib/jekyll/commands/build.rb:18:in 'block (2 levels) in Jekyll::Commands::Build.init_with_program'
	from /opt/homebrew/lib/ruby/gems/4.0.0/gems/mercenary-0.3.6/lib/mercenary/command.rb:220:in 'block in Mercenary::Command#execute'
	from /opt/homebrew/lib/ruby/gems/4.0.0/gems/mercenary-0.3.6/lib/mercenary/command.rb:220:in 'Array#each'
	from /opt/homebrew/lib/ruby/gems/4.0.0/gems/mercenary-0.3.6/lib/mercenary/command.rb:220:in 'Mercenary::Command#execute'
	from /opt/homebrew/lib/ruby/gems/4.0.0/gems/mercenary-0.3.6/lib/mercenary/program.rb:42:in 'Mercenary::Program#go'
	from /opt/homebrew/lib/ruby/gems/4.0.0/gems/mercenary-0.3.6/lib/mercenary.rb:19:in 'Mercenary.program'
	from /opt/homebrew/lib/ruby/gems/4.0.0/gems/jekyll-3.9.0/exe/jekyll:15:in '<top (required)>'
	from /opt/homebrew/Cellar/ruby/4.0.1/lib/ruby/4.0.0/rubygems.rb:303:in 'Kernel#load'
	from /opt/homebrew/Cellar/ruby/4.0.1/lib/ruby/4.0.0/rubygems.rb:303:in 'Gem.activate_and_load_bin_path'
	from /opt/homebrew/lib/ruby/gems/4.0.0/bin/jekyll:25:in '<top (required)>'
	from /Users/joshuaholstein/.local/share/gem/ruby/4.0.0/gems/bundler-4.0.12/lib/bundler/cli/exec.rb:61:in 'Kernel.load'
	from /Users/joshuaholstein/.local/share/gem/ruby/4.0.0/gems/bundler-4.0.12/lib/bundler/cli/exec.rb:61:in 'Bundler::CLI::Exec#kernel_load'
	from /Users/joshuaholstein/.local/share/gem/ruby/4.0.0/gems/bundler-4.0.12/lib/bundler/cli/exec.rb:24:in 'Bundler::CLI::Exec#run'
	from /Users/joshuaholstein/.local/share/gem/ruby/4.0.0/gems/bundler-4.0.12/lib/bundler/cli.rb:504:in 'Bundler::CLI#exec'
	from /Users/joshuaholstein/.local/share/gem/ruby/4.0.0/gems/bundler-4.0.12/lib/bundler/vendor/thor/lib/thor/command.rb:28:in 'Bundler::Thor::Command#run'
	from /Users/joshuaholstein/.local/share/gem/ruby/4.0.0/gems/bundler-4.0.12/lib/bundler/vendor/thor/lib/thor/invocation.rb:127:in 'Bundler::Thor::Invocation#invoke_command'
	from /Users/joshuaholstein/.local/share/gem/ruby/4.0.0/gems/bundler-4.0.12/lib/bundler/vendor/thor/lib/thor.rb:538:in 'Bundler::Thor.dispatch'
	from /Users/joshuaholstein/.local/share/gem/ruby/4.0.0/gems/bundler-4.0.12/lib/bundler/cli.rb:35:in 'Bundler::CLI.dispatch'
	from /Users/joshuaholstein/.local/share/gem/ruby/4.0.0/gems/bundler-4.0.12/lib/bundler/vendor/thor/lib/thor/base.rb:584:in 'Bundler::Thor::Base::ClassMethods#start'
	from /Users/joshuaholstein/.local/share/gem/ruby/4.0.0/gems/bundler-4.0.12/lib/bundler/cli.rb:29:in 'Bundler::CLI.start'
	from /Users/joshuaholstein/.local/share/gem/ruby/4.0.0/gems/bundler-4.0.12/exe/bundle:28:in 'block in <top (required)>'
	from /Users/joshuaholstein/.local/share/gem/ruby/4.0.0/gems/bundler-4.0.12/lib/bundler/friendly_errors.rb:118:in 'Bundler.with_friendly_errors'
	from /Users/joshuaholstein/.local/share/gem/ruby/4.0.0/gems/bundler-4.0.12/exe/bundle:20:in '<top (required)>'
	from /opt/homebrew/Cellar/ruby/4.0.1/lib/ruby/4.0.0/rubygems.rb:303:in 'Kernel#load'
	from /opt/homebrew/Cellar/ruby/4.0.1/lib/ruby/4.0.0/rubygems.rb:303:in 'Gem.activate_and_load_bin_path'
	from /opt/homebrew/opt/ruby/bin/bundle:25:in '<main>'
